@l5?b1((h6+c+u4)')=i
(u4'+c*u)=c4&(0)=(0)
@s?y(k*0)=(s+k9)
!(k)=(m3+e(c1(g9(b+0)+0+g,o6),k0)'')
(p7+t9+0)=(0)
M(v(g+e)+h)&!(d+0+g+v(o1+m3))=(0*0)
!(c)=(q1')
S(z3(o2)+p,r3)
!(K(j,k8(0))|(o0)=d(n0,g+0'*j)|X(t,a0))|(0*w0(c)*a5)=(0)|!(0)=i8
(l)=(0)
(f7)=(0)&(w9)=(d9'+p*e6')
!(e2*s(n9''+0*v9,n8+o8))=(y9*m8)
(0)=(d*y6)&!!U0
(q5)=k7|(d(m1)')=z->(s8+m1)=t5->D(g4,u)
!@t(S)->I4(z5,0)
(s)=(x2(0)*(n1+d4))|(y0)=(b(z''*o)*p8')
!(l4)=v9&(y+t(0+f+s(t4,0)'))=n0->(j2+0)=(j0')
(r)=r4|(e(s2(t(0,k*g7),o+w),m7*a)*d*p)=e5
V7(m3,n0)
(0)=(c+e((u4''*s9(f8,0+d2)')',z4))
?m0(b6)=h
(d)=p6
!(z1)=i|!!?m9?v0(c*y)=q
(v(x(r,d),0')*0)=l(m7)|(0+n0(s,s))=q6
(q7)=(0)&N0(0,0*r+m')
?y(u)=v|((f*d0)=a4&@u(j4)=s6->X5)
((p5(v)*r9)'+i4)=(f9'')
(c(y6)')=k|(0)=m3
(0'*l9(c0')*a)=u3->!(t0*m9*z8*u0*v)=(c+s7)
!(v7')=(b+c1(e))
(q6*z1)=(z'')
(a9)=(b3+d)|I(z1+x0(r8+l,e6))->(t0(f1,p8)*t')=(0')
!@x(h)=(j3*s4)->(l'*q)=i|(y)=(y(t2(r7(n,0*u6),u+g0+i0+z(u*(e0+g5))+j))+0''+d+s7)&!(0)=p|(y0')=e8(e)
(q(e7*h*j))=p4(a,w7*0)
@i2(o4)=(0*v2+g(f0(s,u*j9),q(e3)))&(v'*t)=q
(g1*h)=(a3*h5'+d6+0)&(u)=r&((k6(e+0+(t*y6'+e3*(i+w6)''*i)*z(r,k4))*n8)=(r*n*0*s1)|(p)=m)
(j4)=n&(d7(g,a3*k(h,0+l0))+z4+p2(i1'',v3)')=(v3(z7,a9*i0)+0)
(v9)=(a5(0,n)+e)
Y3(q9,d8)&(m)=n&(v)=(f2*m)
(z)=a8->!Z(y(w6*z1)')
!!(q(a1))=(0)
(c3(i0,p0+g(m+k4(0'),p)*i5))=(c+g4'*x)&@c2(f)=l&?e7((a+h)*d2)=(h7*r1)
!(q1)=x
?c0(B5(0*d*m3(e5,s*l*0+y2)))
((0*k*i)')=(w')
(n7)=h&(x8+g8)=b1(e)->(0)=(x*0)
!(a0)=((d'*y)*l*0)
(t8)=p1->(t1')=w7&(f9)=(e+0*p2)&!(c)=(u'')
Q4(t2)
(h+z)=(0*x7)&(y)=u1
!(y(0)*(p+t1)+t8((0*0)')*s1'+b)=z|(y5)=(0)
(p6)=a&(t*l3')=v4
(o(c2))=(l7*p7'*q*m4'*i7')
(0)=(e(v,0+c')*l1(p0(c(e9*l(e',m*p),r'''*g),q2),0)'+k)|(q6)=(m+w)&W5(0,c(k,u(z0,u+z+0*z)))
!(g)=(h(p7(g8')*k1)')&S2(r3*b*d,n)
Q(e)|(h8)=m2
Y7&@l8(w+q0)=g(c)&!(0+0)=(0+a6)
!(r*z6+d0*z'+r4)=(i+0*0)
?a3(!(u8)=w&!!(m*t5)=x)
!(p*k+w)=(t0+g3)
((h1+i3(m6))*i7)=(0)
Q(a2)->(n0)=(y')&(0)=t4&!@d6@f0@j0(I(0))|(e*s*p)=(p+g'*t0*i')
(m+k0(b))=k0
(m7')=y2
(p)=c6(s(h7,n')')
(l)=(g')&(c(o,h))=a4|L8(p(q2),v+c)&!F(m8,w(m'*d8)+l(r3,u)+c3+i6*x0+f4)
!(w1(i7,t))=(u')
@j8(t(0,q0*i9')+g6*y4)=(n*h)|((t7*v7)*n)=e
@o8((c9*l)'+0')=x5->(h8(g(v,f),o2*m)')=h0(l0,t9(k1'+x0,j(i8))*0*0)
(f9(n4'))=(w+z3*0)
R(j6)->(o)=(a')|(s2(0'))=c(0,j)
(n'')=s7|?x9(0+0*b2(k3'*j,j5(y6(c2,h0)))*c+a5)=(u6+j6')&!(s7+0)=(o1+0')|@z7(!(w5)=z)
V7(f)
!(d0)=b2
@j9(t)=w0&?t7(Q(w,d1))
(h'')=(n')
@r(I(0+e3(r+h),l4(k,0+n3)))
?f9(p0)=f2
(v)=f(f2*q)
(a9)=(0+0)|!(0)=(d*0)
!(g7')=(0)
(r7'*w5)=(0'*d(t*0))&(g1)=a8(i1)&!?n(d')=q0
(u)=u7&(p4)=g
!(w)=w9&(q8'''*j)=o2
?v7(e4)=o
(j)=v6
!?q1(l)=b2
!(0*l)=(m5*g6)
(0)=(d6+q*g(g4*t'+w''')+0)&(N5(l8*l,w*y8)&(i1+m0)=w1)->(0*a0*r)=(o4(n)')|(X(w0(s)*e3)|(q*z(d))=j6|(y)=p(z)&(u+q6+k5)=w9)->(c*g1'*z0)=t2|(!!(t)=(v*v'*m)&((0*h1)*f*t(r)*t(h5)+0)=i8|H(y,e(x)+f)&?y0@t(0)=(x4+c'))&(r(q5(w',n3+m0+0))+q)=(c*q6*h)->(h')=(g6+v)&!(o1(y7(f1*n8(r,d*q3*g2')+v9*0+x)+m'))=(m1''*h3)->(0)=(0)
(f'*m)=g7
?p4(!((n8''+m(y*y((p+f)*a6(s8))*k)+j5)=(y+u0'*h5)|!?x1((u*(i(f1)+i*n*q5(m2*t8)'))=(o+u(b0+0*0+y3,p)*g)|?e(z0)=(0))->@t5(a7)=h(e0*h,p)))|(s+w)=(q*r)|(b5*n0*m8)=(s3*e*n*s2')&Z(l4)
(w2(d,e))=j7(r,n4*i4)
B&((f'+d7)'+o)=y
F(p6+b3(q4)*a8*0*w1(d7)',q6)->(r*0)=m7
(p6(0))=(r+b*e0(s8)*a0+q)&@z4(!(u*d8)=k(r2(r6',w(v))))->(b)=o
((j8(q,m1'*h3(h,e6))+t')=d->(z)=(a0+z))->!(v8)=u2->@i(j)=k1&(e9)=s|X(x,p5(b'+f*i5'',0+a+0)')
(f(n3',o3))=o(p)&P(e6)|!(n6*0'')=(s(a,y+h*(d6(f4')+0))'')&J(d1)|(g)=(z4+e3)->T(t1)&@d0(B(f9(k3*h),z+f(0)))
(y)=(0)|(r)=(k8+0)
((p5+e7*q)*s)=e(w,e3(o))
T(e,l7')->O(h'+(j4*v)',e1(g(w)+u))
(0)=(x9*c9*g')
(w+b(c9(g*e))+v1)=(0)|(o6(q,u)*k')=(0')&(j*0'+a)=u9|(0)=h&(x(0))=b
(q4)=(u*d4)|(0)=z9->((s)=(0)|((r2)=(x7*0+s*i)|(l2)=t1&?q(h)=(h*0+t)|(s5)=z8(0*z4,s3)&E7(y*e(c)*p5'*0')))&G1
!(j4)=b
(c7)=y->Z1(k2'*0,e0(t(i7(d2(i),j))))
(0+e2)=((m(0,0)*c8(0))')&!(x1)=(e2(b0,t1)''*s8(n9*y,q4'))&!(a)=r2->(u*n8)=a0
((z3(m))=(u4(y*w)')->W4(0,0)|(0+c5(g)*s+e7)=(0))|(e(o6(a(h6)'+q8*w(c,0),b*s(f(v7)+n(0,(h+q7)+y)*m(p))*k3(o3,h6)*o1')))=e5
(0)=(p')&(s)=(k4+r8(v,h))&!(q3)=q->(r)=(s')&(0)=g5(c(v+a0))|(a)=r&(0)=a0
!(a3)=(c5*u)
(g3)=(t(b4)+g8)
!(b)=b&(n)=c6
!(k)=t
(i9*j2(y1)')=j3
G(l8+0,g5)
(q8)=(0)|(j)=(o2+s2+g6)|(m1*v0)=(y1')
!!(0*x3(q)')=(b0*c)&(n)=s0
Z2(g9,0)
(z2(f,(l0*0)')+r(t)*x(w*w,w6))=j((k2+z0')*0+q(v2)'*e,s8)
(u+l)=f6
I&(o)=(d7+b)->(z0)=k
@x(t)=((p0(d8'+c5*s,r(w*n+v,p9))*c5')*o'*y+c)|@u4(f)=n5
D(p*t''*v9'*0)->G(f7)
!(z)=(s(g,h0+j7(e,b3*x4))*g2)
(a)=(q5'+p)
(b6*x8*k)=i
!(g5)=e7
!(i*0*q+k')=(i7'')
(o6)=(0*t7)
(n7(b2')*n')=(0+h3)
(w)=(f1(n3+v*c7,u3+n8+q7(b',0))+c'+f*0)
@r6(!(q1(e))=j0&(j6)=b&(s(z+i)*b8'*(o+m))=l&(o+a+d')=(u5(b7,m6)+l5)&(n*s3)=(0)|@g(y7)=(0)|(j8)=(0*i))&(0')=(0+n)|@j2(!?y7(i*s+q6)=p)|(0+g0)=(i6*o6(w8,c1)*u0)
(i6)=(v9+x7(o,t)')
@f1(!?o(I))
G0(i,j+c7(w4))|(u6(y6))=i->T0&(i7+w)=(q*u6)&@t3(u1')=f3
W(o,q2(r)*n0')
(g+u8)=(r*0)
(0)=(l2*i4+j6(z)*0)
(t1)=(e''''*w1*m)
(j)=g
(u7+0+0*j)=(0*j1+0*c6)
(g3+a2)=(0)
(j9')=(o9*x3)&?t(i2)=(w6*f+m*s(j))
B2(j)|?t@m(N8(g8))
(r0)=(c8+u+b0)|M3(w3,f8)&@b2@p5@w(i)=(m9')->!(x+a0)=b
(0*r)=e
Q
@e(t7)=(s7+c(p'))
D
!(s')=(e(v(p,a(k7))'+q+r+t''*v4*h(0,y3)+y'*k9)+a)
(a3(e8,x0))=(0+x*m+p6)
(0)=(a7')
@e0(0+g)=l&((0)=y4->(l4(r8(0+a8(x',r)),u4))=(b+z)&(j)=h5)
(e7')=(0+d2*e6+i0')
(0)=r(0,w)&!S(x3(p,r1*d4),b*h*0)
(s9+v4)=m6->(h*c(0,l)+c(k6,o(m,0')*0))=g1
((g*(b4*e+w*r6*m8(s+0*o''+g7)*j))=(f2(x(a,o+o*w4)*a,k7)*q2*0)->(0)=m4)&(0')=l6
(k8)=f3->(m)=(w*q9+e'*j)
?l(0)=w2|(p6)=(x5'*(e5+0))
(0)=a9|(h8(d))=v|(r)=(0)
(i)=(n2'*s1)->(t2(t,n8*(t(s5,w')+0'*p)))=n&!!(x2'')=(i(b7*z2(b),x+b)*0)|U9
F8(u7,h)
I0(a6+x0(o',t1(r8)))&C(e,m5)
?x(r3)=v(p+b8(r7,z+z))&(o)=r
(0+0+x7)=(y*m)
!V(0)->(y')=(z3')->(p*0)=w9(f)|(0+r5)=j(x)->(h3)=j4
(k*s)=d->!(0'')=f0
T(e,i(y0,y+l*e)+o3)|(h+v9')=(0')
(k9*b(d4*h,s8*0+h))=(y*i(x)'*o+g+x0)&!(S|?e(v9(s7))=(c*0'))
(k)=(h1(q'+r6,c)'*t+v')
@q@p2(0)=e->(q)=f
(u)=(0)&@u(!!(p+0*(0'+h)*w6+0)=(s+y'''))&(0')=k6|(v(g2)*h5)=h->!((0)=(j*0)|(w(u+0,o8))=(k1(a6,t)''))&?a(!((0*e5)=u4&@q(v3(w,f))=p0))
R(l2',z')->(b)=f(b*0*e2'*q)
(0*i7(0+r9+y)')=z0
(w)=p6
?s(0)=q5
(o9)=s
L(d0)&!(a6'*0*i')=a0|(u3')=(b3*m+v3*d0)
O
?z(0'+p7*u1)=p1
D(k1',0)
Q2
(q)=l(e9(l*v*h,x),w5+i)
?j(y)=(w3*o2+k)->(r)=t9
!(b4)=(x+n)
!(v8)=(0+g)
!(0)=w
@s6(b0)=m6|!(f)=(c*q)
(a*q9)=t
(n4)=(b')
(b4*r)=m
M9
@c(j0(u'))=i(s7*u,t(f))
(i)=(p5+f7(0+a,h2))
!(l')=h(s7((f8+0+v*s3'*0)'*g9+0*u,j))|!(0*h)=(0)
(m)=i3
!(0*f)=(c')
(f9)=(a5*0)
S8(g5,0)
(0)=(x4')
!(!(c6*p(v6(k4,b2),0+0))=o|(v)=g(0,l5))
(x7(0*t3))=(c8(0')*c4)|(0)=c0(p,a9'*k)
(f4(f4+0*y))=z
!X(b5(f7),z0+h7)
D
(d0)=(x*0')
!@h(s4(m3,k*v5(f7'*c+t))*u8'*d8)=(r')|(t9'+t)=w2
!!(0''*h2)=l|(n6*k8)=(r(0+f9,l*u7*c')*0)
?m?m8((g4*v)=f->(0+z*f)=(0'))
!R0
(e6)=(c*0+0')
(u8)=n&(b4+z)=f1|(q4')=r3(b4)&W9
N(q'+h*0,k9)&!(0)=f(b8')
(k0)=u|(k'*a)=u
(d)=(r')
(p)=(0)|(s)=i
(z(x2)+w7(p,f(q9+0,s5)+j8*(y'+i2(r((0+p5)',(q*g)*i3)*s,h))*q)+0)=(e5+t(d2,0))
@x(z(x'*l,d1+d(j)))=(a*s)
!(d(c'))=(d(s,q5'*t3*h4)*l8)|A0(v7)&!(t5)=o|(x6)=t
(h5'*s9)=(j')|(t+u*p6(a)+x7)=(e3+i)&(w5)=c|P6(j*v9(y+o)+g)
(w6(f8'+w*x9,t0)+0*f4)=(j')
?y8(b(p4''+s2(y7,i8)'+s,n*r1)*n(0)+t0)=(b9+p0)
(g(z',c0))=(h7(t6,o(s)')*(c*r+m9))
@o6(!(a)=(k*t3)->!!(h(o1(k)*a3))=w&((g(i6,v))=y|(f)=(g+b(m4))))&!!M1|!(k)=h1
?q8(e7)=(g9')&(v)=(v6*0+x)&@p@e7@n((q*z+t)=(k*v1)->!(a)=m)->(k)=k
!(h6)=(d6*f6'+0*e9)&@s8(j9)=c|(c+o)=(u*l5(u1))&(r(k))=(j+p)->W0(r,0)|Z(y8*r(l6+h*s3)')
(0'+z)=t7
(0*c7(p0(s8'')))=m(h6)|(a+f)=(u*e0')
(f)=z
(0*y2(g2)+m2)=v|(u9(0))=(l*l3+d4(j))->(q6)=(j(q)+0*g9)
(y(r4*a+b(0))+b1)=p(0,i0)
@e0(g2')=s9&!?w2(v)=(e6*f2*t8)
(w3'*a3)=f4
!(i'+o(q+s)+u5*x)=u
(p)=(e2'*g(t9,0))
(e*t)=i
(n)=(a''+b8)|(s2+z)=(0'')->(d8)=m&(P3(m,u4)&(0)=(w2+a)|(k*y4)=(w*w''))&!(!!(w3)=(y0')|(f1(q5(h))+w)=(0)&!!(h'*r8)=(n4'))->!(l2*q)=v6
Z4(i,e+a)|?m(0''')=(k4(m0,i7)''')->(0')=n8
(g+y(w7,t)')=z
(z7)=s2->@u(e(r))=(g')|?e5(s(w3))=d1
(n(0))=(0*0)
@r7(!(p)=t9)
(l6*v')=(0*0')|?o7(!(d6)=o6)
Z6(a1)
(z*p(k0+p3,0+0*0*(i9+k2(t5(s,y6)')+m4))*0)=s
(b)=(d*0)
(p5)=(0+v7')
(m)=(e')->(s+s(n,x0(x)*a6)*(l+p9)*l)=s|(z')=j
!(0+0')=d5
(e3*k*y3*u)=(0+k6)&(r)=(s7')->@q4(o*x2+i'*u'+i(f0(v6+g8),q6(0)'*p'+0+c3+j4)')=w
!(w*r1)=s->(w(e5,t0))=(r*m3)->?x(c)=(r8(0+o)')
(c)=x(c9)&T0(g4,r1*c3)|@l@m6?i8(0+r7)=r5(c,o)
(q*z)=r0
O3(c)
!!(0)=(l+d'+f8')
(p')=e8(q9(i(0)+b6*f4(m')',o3'),y')|@n(d9+a0+y5)=n
(o0'*w)=(n3')
(l9(z1,r(u,l'))*z4)=(0)
(0')=(a9+v')
!!(l(h6(d6))')=(l9(l6*0)')
K(m5'*f(v),p7)
(k)=j1|(z9)=(z1*i(0+e4)*e)
(s)=(0)|(q(e2)')=(y1')&(0)=k
!?c7(w')=d(u(h4,w),0)
!J(w)&(u9+b7(x0,o6(n,y5*o*k)))=(0)|?b1(!(w*a8)=y)
(d+a+r5)=(s0+h)|@l(A)
(n)=r3
(g9)=(z2*t)&?x(K5)&((e+0)'+m+l7)=z5|(f2)=(o7*0*w9)->(v8)=(j5+g)->(x)=b|@l(t0)=b1
?t(m3'*b+i9*0)=(u2(x(e0,0'),r4*0)')
!(u2(o*0'))=(o+b9+k7(0+u))
@c(P5)->(j7(c+n(v(n'',d7(j)*z6*n(0*p1'*l2,c)+n5)),s)')=v1->!(x'*x8)=(s3(i,e9+0')+k(r8,v)+b9(i1(k4,x),j6*(n4(c9*u1(0)*n6*0,p)+n1+k)*d0+g))
(p)=h8
(0')=k
(z(l6*0)')=v(f)
(u8(t))=n2
(0)=((u5*f5(m2,s(f,g4+y)))*k3*u(0,l0)*p*v)|(0*0)=f1->N3(u8)->P
!!(v)=(f1+t(o*z2,(u+x(r0,r7)*h)'+z2'+v)*n0)&(g1*a(a5,m*r5(p9)))=x8|(t6*c)=n&(k3*r*x)=r->(z*s(0,l+v6))=k&((y6+a5')=e8->(j)=h6)
C(k2,0)
(b)=(0)
(v1)=(r')
(m5)=(r(s,l)+l)
(s+w(n',(c(j0,0*y)+d5)'))=(0)&(e*t(0*0)*m)=h
?z(s3)=(o+y*c)&(g5)=(z'')&(h7)=(r+z0*e)|(t+l*s(x4)+g9)=k
V6(i4+o)
!(n)=(i5+0)&!(l9+s(n1(w8'+g,r4)))=w&((x)=n&M4(z9*n',n*n))
(s)=y5
(i1(q4))=o
((v+0)')=(r'*b+d9)
!(c*g*w)=r0|(k7*g)=(0)
(z+y)=(m(h2+(f*q')',r)*e)
E1(l2*n,g+n4)->L(c)
(c(n*0,z(k0(w')))+u)=(d4')
(e9)=v9(i5',x''+u4*o7'*0)
(r7(v,e7+v)')=(0+w4)
(h)=r8
U(m8)&!(v)=(r+x)|(o1)=(0)&((k+y0)=u&!(0*t6)=(b+0))->(0)=q8->(v*v)=(i4(m1)')
M8&((0)=b&(((a4)=k5|?q2?m(e(e+r(0*b)))=((0+k6(q2+u*t8*(i*z3(0,m*g*n0*e))*q*n7(f),q(k+q)*p1)'+y+c2'*g(j8(n+k,g(w3'*z,k6+p)+s0)+t*i+i2))+a5*f)->(u5)=(x1'))->(y)=i->!T5(u(l)*n))|!!?b5(!(d0(p))=(0+s'+m*f))->(d2*n7)=(k+0)|@m(s7)=(d2*j)&(k)=(0))
(0+i5)=r|(a)=(y*0''+n5)->(0+j3)=(d6+w(e(s(q5+0,e2(t(v1,0*g2))))')*u)
K3
(f+h+(m*y*y0*r3(e,w5(u*f9,b7'+s(u6(l*v))*0)))*f6)=i(c,c0')
(p+i3)=(q0(0,g6*g4')*0*o*d6)|O(p0)
P9
Z4(t+w6)|!(g2)=n
(f)=(f*y4)->@y(!?b5(j)=e)
(x+h)=s&(j*n+t2*y)=n(m(x*h4),e)|(l')=(0)->!!(a0)=(j5*i4+m')
Y(s(0,m')+m3(v)+t8,e6(t6*w(a9(x,m(y3,n3)),q3*e1)))
(a)=(y0+d7+x0)|Z(b,n*0)
!(w)=(u2(0')+a(f9',l7))
(c)=(y*b)
(g+q4(w)+x0)=q9
(m(i3,w6(h,x)'))=(0)
@r(k)=(l+a')->(n)=(0'')
(0+d(a6',a'))=(0+r')
(j)=w7(0)&!!?q(j0')=r7
!(e)=(0)
!((a*0)=(c6')|(t)=(p+l'))
?y(0')=(0)&((a)=(y+m+d)&((i)=(0'*q+0+z+z5)->(f0)=(h6'')))
(0)=x2
(0)=(i8'')
(0)=(n5*a(h))|(a3)=(0*((a(z(0+s8+p,d')*u9(j0,k8(h4((a(0,a7)+y)'',z4(r0+n8,q(c(0)))),b1)+h3))*h(e5+c*j4+u2',o3'))'+c))|(j4+g2)=u9(z,k)
(r0)=(0)|(y')=j2
B6(u2+h2)
!M5(q+k+b2'+t9+d7(n,w4)+h3)|((c)=h4->(p)=(j')->(g3+x6+t)=d|(c2*o+r7)=(u3''))->@q8@g(m7)=n7|(b'+g+w5')=v(m,n)
!@w0(s)=(0*j')->(u+b)=r1(0)
(n1)=(0)|(0*n8)=a&((i1*h2')=u(z7,b(o0))&(0')=o2)|(i9)=o&!(0*p)=s
(q)=(u')->(c6'*u6)=(a4*p(o1+d,0*0'))
@h4(c+c2+n*m1)=s(h,p2)
?r(c)=c4
(r)=e(k8(i)*b4,y8+0)&(e4(d(u,y')))=(w5+b*r'*d1)
!!(d4*0')=g->((k*u(s,r+(n5*a8)*t)+k)*l1'*u3)=h9(z7)|(n)=(l4'')&(0+h'*z0)=(0*0+h*c)
(k)=e1
?v?q(j)=(0)|(v*v3*0)=n1|@y5(!(n9)=(f9*b))->((t)=(c+o*f1+i(0'')'*q+x3)|U(p8))&(k+(c0+c8)+x8*f)=(0)
(p*o6)=b&(e+0*h)=e3->(g3(z2(o+w')))=i9
(e*e)=w5&!(0)=(s5*k+q)
((e*v0*m4)*t0(o(y4*j4(h4)+y0(n,j'),a3*j),b))=(c9*o6)
!(w)=(0')|(0)=s
!(y0)=a6
T(k(g)+w)
(s7)=(0)&(0)=(n7+c4')
(t4*e)=(d+e2(p(0*0,0*n),i2))
@m9(y3(m'))=(h(i,g)*y*r0'*x6(a9(s,w+j8(w3)*0)*j,r))&@z(b8)=(j+w)->(u9)=m
!@i0(H7)
((i+0*0)+j''+v3(0,v))=r1&?y(g6+0'+o)=w&!(z7)=v
(0*u8)=(n3(y2,w)+w0*l4+s(x5)')->(c7+u8)=(f3*u(a2,0*0*b))
(t)=w->@r(t(q3+0)'')=(y2*h4)->(o7)=a3|?v5(e1'+x*u)=(i+v)&(d)=(0)
K(w2)|(g4)=z7&(c6)=i
?h(z*f(s9*u)')=(k7*w)
(a7(k))=n8|@c9(a1)=n1
(p(z2,p2))=(0)->P4(u1)
(x)=g
!(q5)=(0')|V
(r)=(e''+i7')
?d2(t(n3'*s,o8*b(w5'*m+u(f*h),h3*y))*a(j'+g1')')=n|(c*x6*h''')=j
?s(W0(y9))|!I9
?a(0+0+p0)=s
D3
G&(u)=(t8+0)->(s0(o4)')=(0)&(j*x+v)=(s5'+s8)
(r(b0,z)+x3*w7)=h&(p9(a(k4)*x(x3+b+0)))=((o(t8*j,u)+u7(c3,w+m(p))*f)+u5+v')&((s*i6+g*o0)=o0->(v)=(v7+i5))
E(0+0+k+r0)
(f)=f0
(l5)=b&!!(t)=(k5+g)
(g5)=p
(p5*s)=u4(p0*0)
(!!!J7->(h)=(r4*u2+0*a8+j0))&(v6')=(j*v6)&(?p7(((0+(a3*s1(k)+j6)*m*h)*z+h5')=j4(s0)&?n7(0)=(0)&(a(j,e2(g,u)'))=g7(e5(i0+a,b*y2(i9*0)*b8),y)&Q->(y5)=i)|(0)=a)&E1&Y(j9)|(v')=o&(o(x,m6)*r')=(w2+q2')|(n)=f7
U7
(l2)=(0)
@c(P(w,c+f1))
K&(k0)=(0+0)
(y*v9(0*d3,o'))=h5
(l5*t)=(n'+s7*z+(t(t3)*d7)')|(f)=(m4+h5)
?t5(p0)=(c5(0,o)*i6+l5(s+t4(t',s1),c4+l0))
?i1(y0+0)=(p0(v)'*v((g5*(c+w)+m9+f9)+0*0'+j(w7,b'))+j4(f))
H&(h7*x(o7,d'*z))=d|R1
!@d(s8')=(0)
N4(0,v9)|!@h9(!(i1+0)=(b(s)'))
(i8')=(0)->(d5(g,h4'))=e
(u+e+0)=c->(h)=j&?y(!(w6)=c)
?t(!(v*t0+j)=(o+k4))|(u6')=(n(a+f',h6)')|@f((l8*(h*x1(m'')+0)*0)=(0*p')&(i9)=g1)&((j9*f)=j2&(e8'+e0(m8+y4,0)*j4)=(n+0))
(i0)=z
(i2''+o8(0,t)'*0)=n&(q7*k1')=(o*(f9(c0,l2)+0)+0)&!(b)=(n(i1(e,p7(m8*l(t(o3'*u(q4),n*0'))+v1(u+g4(w)*n,z+0*d+w8)*0)),c+s)+g)
(u6*d4)=(d2')&!@l(t7)=m5->!(o8)=h|(r8+o(e(c3,0),r1)+c')=p&(e(0,0)+t*d)=(k1*p8*u)|(u3)=(0+r2')&(0*l)=(0)
?u1(u*s)=(x0'+j+n)
(t5)=t3|@c7(0)=l->(r3(q7''))=(p9+y'+z7)
(0)=(t+w4)|(j'+p(d,h(n)*b6)+j)=(d2(f(w8,m7)+a(l))+s2)
(h)=(0+q3)
!(m7)=(i1*(0+q3)'+n(p,r)*i)|?v(t1)=u0&(x'*z)=(v8+0)
?z0(z8)=(i+a)&(l)=v8(c8,(k+0+w0)+q3)
(m')=o2->!(n8)=(x6*m)|!(h0(b3,j9))=(i(w7,m)')&(q6(u3)')=(0')
?x8(!!(0+v5)=j(o'',h1))
@q(!!(p)=f)
(z0)=s5|(J->U1)|(p)=a(h0)&(K5|@p9(Z3(0*(u7*0+x(i4*o2*w1)'+x4*x+f),y+0'+b7(l)'+f))->(y9)=w|(f9')=n0&?a(a0)=t)|(g1(t4(x4')',c)')=u
(m5)=(p5')
(0*k0)=r(a'+p)
@i8(x*k1)=o->(u)=(t')|(r(u3+o(m,w8*l+k1),q')+0+k)=k&(p3+0)=x->(r4+s)=(0)
(q8'*x)=h9&(z9*z5)=n
!(b9)=x7
?u(w7+w5)=(0)&!O5(i)&!(u+p)=(0*j(x7)+a)
!(m*i7)=(0*o1)|!Q
(w)=(q*0+0)
(g*x3)=y2&(w+g)=w
(a)=(t*t(r9+b5,f(h)'))
(p8*b(x,e1))=u
@j(R)|(s)=(b8'*m9*l3(d(i)+d(v3)))
?o2(p)=(0)
(k)=a1&!(k9)=z(n,f)->((t0'*k(y,a4))'')=(h1*x1)|(t1)=(v+0*n)&(n'+a)=(u*(v6*c+c))
(w9)=(d3(j')')
(m')=(u+z7(e7*a9,(p9+0)*q)'+0)
(0)=(b+y)->(h')=(0)
@a5(y*j6(a7*t(t6)*j+t(q,0*r+d5*(0'+g(l7)+s)),c))=f&!((0*0)=(v+i)->(w9)=u4)
I(p*f(0*q)',f0')|(0)=m
!!!(v)=(s+l)&!@z6(m((a+p)*0))=f1
?w(o)=(b*l)
(m)=(0')->E->(u9)=(x2+k*d(e,z2+b6)')
(u(e))=(g(z3)*n8)|!Y(e3+b,0'*g)
?k6(G(c8*w,u3+t6*z6*x0))
!(0)=(s9*n(0)+v(u')+0+c3)
!?u(q)=(q*n3)
(0+0')=(e3+b1'+m'*o3+i8*n)->!(w)=a->!(h*0*w)=(0)|?o4(i(j)')=s&(k4)=(e'')
(y6)=t4&((f)=(q6')&!N9->(0)=s->!!B7(o)&(k)=(0*z))
(l1(z1))=(f3(i,x5)')->(d4*o(s(j2(x1+q,r*r(k',e))*h5,q)))=(x*0*t)
(v)=(s*r')->?s5(C1(p6(q6'*j)))
(g4)=m2|(h)=(k6+c1(d9(v4,a)+o'*k,w0'*j(0)'))&(q6*(m1+p))=v|Q4
?e(p3')=(0)&(f)=l&(t0)=k7
?o(!(l9(g0*c*p9,w+x'*w))=(0+0))->(j4)=(c1+u)
N(p3)->(!(h3(t))=(0)->@h2(z4'*b+y+c*p(c,s(d6*j4)+y7))=u5|(d6)=s2(a,t+m')->(s*j2+g0)=d9)|(x4+z*i1*a)=(w*t)->!(r)=(u*k9(n4))&(d(y))=(k7'*r0)->(0'+a6)=(j(q)*e7'+w*i)->(n5(s1*y3''))=x->T(v(v1),(e4*l*l1)')
(p)=p&(y2')=(p8+p(q1(z(k3*z5)'*e4'+j4,y2)+m1)*z8)
U|(0+m(p,a))=l
A(o3'')->(v0)=(0)
(c*(q*o5'+i2*i4'+u)+0')=(x3''*t)&(s)=b
(j*l*0)=(p*s5+z)->(0)=e
(0*c)=p0
(w3)=(b')
(g)=d
(a6)=v
!@p(i(s)'*e7*t*n')=q8&(m0(q8(j3*j+p5+l',q4),0))=(q*c7)|(k)=z->@e(j)=(0)
(p2)=(r5+y*q2)|(x5+g*i(a5))=n
@e1(y6(0+h(0*i4)))=(s*0)
(a)=(0'')->(n)=l
(o2*k+k*t9)=q0|@r(j5')=e(d*g)|!((e)=(c*f3)&(s)=p7)|(h(0*t,e+z8(n*o4',r))')=a7
S5(o3)&T8
(t1)=a3|(j5)=y
!(f+0*p0')=x->(g)=c
?o(u)=q8|(v8)=(y8*v(x+k+l6,0))
?k(a1)=d0&@f2(h6*t)=l
(a)=(0)&(e*r4(t7))=h->?o?r(A(y,a+x0))
(l5)=f(d0+n)&!F(r,a8')
(0+i*0)=z
(e7)=(j*(k3+i1)+0)
(l+w(k1*k8))=j9&@m3(0)=(0*w)
!?m((0)=o|(c)=f3(v3+a*k8)|((0*k)*x(s4+v4,t(e+e9)+w*f0))=n)|?m3(W4)&?v3(!((g4'*v)')=(m'*a))
!!(l(u8(0*e4+0))*x9)=b5
J&((q+c)*0')=(j2')
(o1*0)=x
(m)=t6&!P(m0)
!!((f2*0+g9)=p3&(0')=b4->(i6)=(c'')->?u(x8(x6,0)')=(p1''))|@w@k3(@e(h(h0(w*f)*d)')=(r+m8*r)&(q)=l&A7(l(h')'+0)|!!?r@w9(L8(i*m9''))->(v)=l|?x9(x5')=(0''))|?i4(h(u,b(a)')+q5*w5)=(0*d7)
Q0(z5)
G(b(0,o*v(q+c+(0*0*p(j1*a6'+y,c)+k')*0)),0)|W(u)->Z3(w2)
G1(0*p3+w9*g5)
!(0)=m->(t4)=g
(m4)=s4
A1(v'+h*f)
(j8)=(s+0)
(b(f+m6))=h0&Q0(0,m2)|(a2)=(t')->!?i6(!?m(!(i2(a'+a,k(i4(z+0',q+w8))))=(0*s')))
(0+d*a4(v6*0))=(0'+v7*u0)|(e9)=n5
J7|(g)=(z4')&(n0(g*0,0+e))=m4
(0)=(f')
(d4)=(c7*a7*0*n6*v1')
?k(e+r1+x9)=p4
!!T6
(q)=(0)|N(t1,e4')
(m7)=(0*f8'*(h8+0*c5)')
?d7(W(0,i))
(y6)=b&(n6)=z
!(q0)=f7
(e*0+0)=r0
Z0(k)
(k)=(n2*b)
!(l7+g)=d&((w4)=(0')&(o')=(n4'))
!!(n2)=(u2*0*c')
(p)=(m1'+p0)
N0
A(0)|(s8(q'*a(h'*o,c6+b(a0*0,i5(0,i2'+g))),0)+i0)=f0->(z3)=(d+s4'*t)&?r(d8'+h(g*w'))=(0)
(l3(c*0))=(0+u4(e(0,x')'))
(t5)=h2->?y(o5+s(a+y1))=(0)
(k9)=(v0')
?z4@u7(u(r+g*0,g1+e'*p1*u3)*r)=g9
O(h+0*h(j2),b8(z9+o)*z'')|!(0*l5'')=b&(0)=t
(z8)=(0)
!(v')=p
(k)=(b6*i)&(@n2(0)=e|((p)=(v7*l6)->(q)=c))
S2&(e)=t7(k+a)
Z(x2(h0(s*o))'*h8,p7)&!(0*y2+b9)=(n4+k1+z0)
?i1(0)=(0+g(k1(s8(f6)),y9))|(0)=(0)&@g(n0(v,v1))=(q*v(0',c0))
@q(q)=(0)
(0')=(j(q)*e5''*v4*i)
(p(s9+n+0+x(p,j),s7))=(m*j)|?q(g3)=c2
(n)=(a2'')|(0+q)=(0)|(d9)=b0
!(e(h,f6(e)))=j
(z*v)=n(p8)
(y+y7)=u
!?q9(g1'+y1(((l(f*v')*y)*k5)*i(n4,t))')=p&@o(t)=(v4*l2(v(0,s2)*f'+z7))
!(q)=(e8+j*c2)|(t*m4*0)=e4&!((w6*h+i(w0'+f0(r(t,0))+c(w,0)))+k5(j3''*(y'*k8*c0)*y))=a9
(0)=d8&T4
!(g1(o)*h9)=(e(a0)+e)
(m6*g5)=(0)|(q*p+(z(0,l)+u)')=(x'*b)|(z0)=(0)
?h3(m5*m4+d)=k
!(s5*t)=p8&(v4)=(o'*p*0)
(j0)=b1(e4,t9+q3)|(0)=i(s)
?o(n7)=(x4+t5)|@d(g)=(f'*0)
?g3(m3(l'+j)')=(d*l)&(k9)=(e0(z(w+0,0+r)*w)+m')
!(d)=a(g4,h)
(q)=(h2(0,z9)')
(y'')=(0)
X3
(h(t))=(c+i1+i*q')
H5(w6+d,h5(h6(n)*z+a+z,l))->?y5(C(q6))->?w3@m5(y6')=g3
@g1(!(b0)=b3(g0))&(f)=(0)&@b(y6)=q4|@n?e(n)=b0|?z@w(0)=s3->((c3+o8)+u(j9))=d
(j7)=y|(c3)=(m8(0+u,g1)*e6*p(g7,0'))|(s)=y7|!(((0'')=((a9(d1*j2)*r+t3)')|(d7)=g|!(w2*0+0+x4')=(s8'))&(n+0)=n6)|(m)=(t8+u*0*e9)->((a'*i)*o6*p)=(o1(z+0*e(i+s4*t1*j,m8*o9)*b+g9)*0)|!P(a)->M->(e)=a8&(v0)=y(p3)&((b+v+0)=(0)|(x)=k6(f8(x))&(0)=s2->(e)=(t4*d6+0*m3*f3(n))&(0')=d&(k+r6)=(0*t(h,t(0,z8*d))+u(g))|(n2)=i1&(j)=(m'')&@t6(e7)=e9(a',0)->(q*p3(v2))=(w3+a6)->!(0*0)=a5->(h)=x)|(f8*w*0*0*p9)=w
!(r8(h5(h3'*n8)*a)*i6*i)=s0
!((x(r'+0,d))=c|(a9+v+v0*x7(w(k3,n(h4*o,v6*0*0'*y1*g))+r*0,v0)+0*w+v4)=(0)->(g)=z->(y0*y+e)=(0))->@t@d((t')=(w9')&((0')=n6|(w0(q*w0+r0(0),0)*o1*k5(o,0+v0*(0*p)'))=y))
(b)=(s+h2)|!(i)=(l4(m)+k4*o)&!(0)=v
(e(f7*b8)+x6)=(w8+e7(b9,t))->(0)=h9(g2(o,t)+u(w9',0))|(m3'+0*0*m6)=(y6'+u*s3(c)*h2)
(h5(u1,0'))=(u+0)|(j)=p6|(t3(z',n9+u6(n2')*c1(n6(r),f0*o0')))=l|(t'*o(f))=(0)
(0*y2)=y
(o2*c')=(k*p6)
@z?l6(Q8(0',g(n+q2+c8'+m)'))&@t(u8)=(j+o(q0*o(o0+r+r,(p'+u8'+y8*h0*x)+c5*f3+t)))->!(e3')=t2
(v0'')=l8&!((w)=x5->@d2(i)=(0))
(j)=(0)&(u0(u))=((v0*f)')
K2(n*q3(0)*p8*0+b7,a7)
@a7(a7(h(v(0+0)+y,c4)*x,c'))=f(q9+0,p)|(h)=(0*r5)
(e3)=(x*x1)&(e1(a0(0,r0)))=u(z)
(0+l''+0)=t
(e)=(0*x*n(k,l3))->@l5(l0*b4')=(0'')
(g9(0,h+0)+k'*x3)=y
(k+w)=b7&Y0
!(s)=a
(r9)=b
(h(m*i,0*j))=t3
!?z(z)=j|(w)=f8|(z(0,0*l4))=u
(y9)=(0)&?b(i)=(l0'*v(j9*(v+d3))+z)
!!(g2*0')=(b(m7')*o(r9,j))
(k(e,s)*f1(t2*c1'))=(t4*e'*(o2+o6))
(!?t4(p9*w8)=j->(s6)=t)|(q5'*h6)=o6(0)->(f(a,b7*0))=(x*p)&T2&@p(W)
@r7(S2(f5))
(l0)=f8&(n*w5)=w4(t3'*o5,u0+k)&L(j7+n)->V(g5',(l6'+d*w8(m5')+h9)+t(t*0))->(u1)=(g7*v1(w)*0)
J1(u5)|((i4'*0)*r3(w2,t))=x|(f0)=u1
?u@s3?p8(j4)=(0)&?w(b)=(o0+0)|(a4)=(b6*i)|(r5)=(0)&(b7)=((u3(i+0+w5*i3',d9*n6(j)+g+e'*(w1+f9(e,l))*o2)+r0)*r)
(q)=l
(l)=z
E(q0)|(k7)=a
(w5)=l9
M7(i6)|!V|@f9(x)=(f6*u5)&?q(0+l7)=(0)
!(h)=((h2*b)'')&H|(n1(u)')=u4
?u(b9(k1,o))=(0)
(0*s2*0')=(r+x*w)
(y)=a|?j8(U3(l6,0)&H4)
(f)=(b')
!(c5*0)=(b5*t')&(c7*t)=j3->(p9)=s
(m)=(e(k4)*h1')
N(e3)&(0+k(e)*y1')=(0)&B
D(b,b+u0(0)')
!(w)=l
(0'*e8+x')=l4&((0*g+0*t5+v3(w2,n))=t7&?v(!(o1)=(e')))->(d0(0+l0(z2+i3*o6)*c7+0))=j|(k5)=((y8+h4)*d+h)->(h0(c,x+k0))=(0')|G
E(0)&(0)=m4
X7(s)|(u8')=(s9+z)
(a1)=x5(y9',0)
H->(r*k9(k)*(o4(0)+o1(g)+k7(0,l)+v+q*a8'))=(u7+0)&!(S8&B(q))&(l0)=(b8'*g9)&(o)=(0)
(0)=(b*f+n(r*y9+a+p))
@c(i')=l(a7(z,v8*e),t3)
F2(0,v)&!W1(b(m*p0))
!(y7(d2*o))=k
!(v7)=v6
!!(?o2(l)=(i8(i)*h6)->(t5+z*t2(u0(0',d2*a4+k)*v(o7'+0,t8),(0'*n2)*0))=e2(w))
(x4)=(g7+a2)&!(j9)=(b0((h*v(s,0'))*t7(p,q6),w)'*q9+f)&(x)=k0&?e(!(z5)=(0*j5))
(v+p)=(p(b9,0')+q)->!!(!(d5)=(f7')|!K(x(0,z+n)))
(q(0))=(d4+a6*y(0''+n)')
!@p(V(a4+w(k9,b5)))|(g*v5+k3*v'+y*z8)=v
(0*n5)=y5|(0')=(h6+d1*a+k1+0*0)
D(e6+z(k*e,a)*b*i,f0+j0)
?j(K2(y+m'+z1,k*f3+k*x4))&L3|(p6)=(i+f)&(0+b2*d)=(c(g1)')&?x(!(f*v+r5)=(0'))
(c1')=(0)&(d9)=(n0+y3)
(a+j7)=(o'')
(b*p1*g6(h))=(0)
(h3)=(0*e')|(0'')=f1
(m(p1+0'))=u
D6(e6(c'),e)
?z7?t?w(q)=m
!@c(c8)=t&A(j4*c*0,f(y,i)')->?j6(!?t(f+n)=(a'))
?l6@y((u8+(0+w(s1)*i')+d+a2(g3)+h+d)=i|(i8)=p6)
(?y5(h*(z(k9)+b)+c9)=g|(i)=g)&(n2*g)=u9(0)&W0(t5,g)
!(u*s)=p6(e6,0)
(d)=c1->(m6)=y->(w)=(v'*n5(i(i)*v9,o7))
(u)=(0+0+k)
(w'*m0)=(r')
(0)=u7
(q6(u4',l))=x|!(w1')=(0*f4')
!@x2(z)=(j(t)'')
T(f',s8+f(d(v9,g1+b6))*i)
!(r)=(0)
S4(v6+p7''*0)&(h)=f0
(l)=u5|L5
(a2*c(u(a),o))=(0*m)
(w)=e9
(g6)=l5(r4+r0*b5)&?i(h+0)=(v*o3*x)
!(0')=(0)&(0)=v1
(0)=(0+g)->(s+0)=(0)&?d(m4(i9))=y0
(w)=(f4(d4+t5*s6,p1)')
@k1(c)=(u(o(e1)+e)')
(l6)=(r4(j+x3)*o((m9*p)*0)+g7(k4,0)+j(b,q4(e,d(n3,z)+j)+o3+m6*s(y(0,h),p8')*o7*i))->V2&(n7)=w4
(t7')=(n7')&((c2)=i6&(p)=a->(j)=(u(l,i6)+y*x+f))
(e)=(d9''*b2)
(d2*e(a1(i,v)))=(v4')&!(0')=(e*p9(i9+t))
!(s9)=(y+o'')&(x*p5*x7)=(a0')
R3
(c4*a)=(f0*l+v)
!@r?r(!(q6)=j7)
(d2)=m&(p8)=n7|(z(k))=(s1*y)
@l(!(o4)=(b8'+b))&@n6(!@y(v+l)=(v9+d(s(q1,0)')))->(k+0)=d&(?p(!(w*q8)=w)&(o7)=d)&@e(t)=l
(o)=(e(0)+v*p(q6*w,n7(w8+h1,y+v0(c)))+m)&((w)=b(h(t0*u*e7,f(t,c2*b)),u)|@z9(z+c5)=(0+v1)&!(e*n4)=(0')|(a7)=g)
@n7?a8(L1(a))
(q5*r8*z+f)=w3|(s8(0+0))=c3
(0)=(r4*h5(d+b)')|(h*q2*o)=a&(k1)=(z*(z7*b)*e(k))&(p)=(0'')
(p7)=(t+s2)|(t+0)=(0)
(c1)=f8
(d9+g8)=n9->(m1)=e6
(l*f(o5)*a7')=(0*k3(z5))|!(u)=t7
(l)=(0)
(f0+e*s)=(0)
!(p0)=u8&(0)=(m0*j6(0,0))
(v+u7(c'*0',o(l2+0,0)'))=(b0*z8)
@i5(w'*0+r)=b7&(i8*k*h)=(t*f(e2))|(r'*g(j7*t*f+d,b4*y7''))=(h5')
(0)=v3(h,v)
(y*0)=e2
!(a7(0*0))=(0)&?s0(b1)=(h*f)&(w9)=p7
(j4(s0*i+0+b1,p2(m8(c,e*w)))*a*t1*r7*b0(h*0+s2,x(k4')))=s7|?s?k5(0)=k
Z6(k2,w7+0*r*a8)
!!(w)=h6->(u7+w6*s')=r5
!(d(p,f7'*s4''*b8+o2)*q+s*a)=t0
((z)=(c*r1(o*c(r(0),v4''+s0(0,n))+q))->(m4)=r->V5)|(r+n9+d6)=m8(p,x(z9,g))&?u(t3)=(p*i)&(d+r)=n->(h4(0*0*t5*r*e)'')=(x3(b9',p7)*m+0)|?p4(x7)=(i7*b8*a8)|!(0)=(x')
!((0)=(h*v)&!@w(d+x)=z&?q8(w)=(0+0+y*s))
(a2)=(f+r)
(d')=(d7+k)|(z6*0*o8*w*w3(u9+s8',u)')=(m(c6'+0)*0)
(u*n3*k+p4*f2*m+m2+z8+0+0+s5*0+x1')=(r0+a+q')
(b0)=(b4')|(o(0,t))=v9->(c2+n)=(i(z3+h3,s)+u2)
(0+b9)=f
(0)=j7|!!(f6*g7)=x4
(p8)=(u3(v4)*(x4+g)'+v5+d4(h0'))
(b4)=f7->S9(0*w)
(0)=(0'*c2)
X(0+a+l1,0+x(y8,0+0''))
!C8(y*p)
?a3(D(0))
(z(l9,0))=s|?s6(x8)=(0)&(y0*r)=b
!!G(0')
(p(o))=(q*j'')
(w)=p0
(w8(g8,i2(p)+(0*x1*g)*p2)+a2)=r&(h8)=(0)->@w3@c9((b0)=n|!(y3)=(0)&((b9)=(x((l0*e)*l(f,t2)*x(p,f+a7))'+d4(r+u(0),q(d5'*e8(v*(0+w5))*z,o0+0)))&(w1)=(h'))|(d*s6)=(j*l9*z))->!@o(!(q2)=(b*a4)|!(0)=(j*0))
!U3(b*0',d2(r(q,0),c)')
(p+0+q5)=(0)
?l4(!(t)=(0))|(p(n5'+c8))=g
(i*s)=g4|@t6(!(f8*q(z2)*r3)=((a4*r(o)+s'*b(n6*d8,i))*h))&@d9(I(e+0))&(u4(i5+a2)*s4(p4,k9(t3)*t5))=h(n8)
(g)=c3(z,c)&@o(H5)
(c6)=(c1+o')|(a3)=v
(q1*p4)=(a6+n)
H7(v3*c1)
@q2(0)=(m(b6,j)')&(0)=(l+0)|((0*0*a)*e2*y+s)=e
((k2*m)*0)=(h*e)|(y+p)=(0)->?n@n((r)=t8|!!(v4)=q5)&E(x2',p2)|@e9(0)=r
((l+u(m2))=((f*p2*0+0)')|(h7)=(0)&(c+m6(s1(o8)))=(0))&(@c(!(y4)=(0'))&(x)=c->(m6)=t)
(e5)=(0)
(o+w1)=(f4((u*k2)*t,y3)*y'*z1*0)&((0)=(b*z6*r)&(s)=m6|(x)=x)
(0)=s6
J2
(w)=x0&!(k)=(g2+z2)
(j0)=f6(n+o8+z,u+a)
(a0*a6)=z
(t)=d
!(v)=(0+j(b3,i)''*e+d3)
S7(y0,d(x)*v2)
(j+x')=n
?i6(f8)=(b+d+q7)
!(i4*g*h')=(0')&(q3)=(s4(u2*(r+v*n))*e)
@i(f9)=(x'*0)
(q)=o5(u)
(r0)=y9
(c7+k)=u4
(n9'')=c1|(0)=(y3')->@k(0)=(u')
(k(o'+h1(b(b7+t'),r(0+q6,u)*o+0)*x4)*i)=(q+n')
(m+0)=l8
(k'+0)=(m0(0,j)'+q(h,a)'')&(0+g6)=a(p6,0)
!(0)=r5&(v4(u7,m5*g')*f9)=(0)
(0)=j
(0)=i|(l*p)=(r3(0'+t')*r)
(q+r)=(w(u5,j)+t'*n(k9))|(t)=(f4+j(p(s6*t3)',l8+a7))|C8(t(l7(r1)),0)&(u7)=l4
(j9)=g&(e3(e3+i,y1(l+o0)+s6(g*g(d6+n)+k)))=a5&(j'*e8)=r1
(g)=b9
O((y9(f*w4')*c0+j3)+0)
(m6*q1)=(e1+u4)
(o)=(g*s+r9'*o2)&(x)=(k(p',p(d2)')+v+w)
?w(!!(c(0))=b7|@n(v+h2)=v5&(0)=t6->(c*y)=t4&@w(n4)=l7)&(0)=(0*w)&!@t7(!G7)
@a2(0*h7(m5)*m6)=(0)|(r+t2)=m
?q2(!(p)=(y7(a6,u(n(n0),c)+e(j,0))+m*r2*i+w))
(r8(q9)')=l&G(j9*c(0)*o6)
(b)=p1
(c)=d3
((g''*x)')=(r'')
(e4)=n(t(n))
(x)=d2
(b4)=h6(n2'*o3)
(q(m,x1(t3(e8,l3)''+b1,o)))=w
((v7)=b1(a,q'*c8')&(v1*e0(b))=z3|(g8*0)=(0))&F1(0*i1)&(0)=((i*t)*c1)->!(k+b5')=x
(v3')=(y(0+k6,0')')&@m(!!(z6(a0',x')*v4(s2))=j(q9*x+e))
(h8(k2))=(j5')&I1
!(f*x9'+x3'+q*l*b)=(0)
(f(l,a7))=(0*i*i)
(e)=d9
R5
!@h4(X2(j0+e))->(i(a8))=(u+0)
(g)=(l')
(c4)=(c')->(0'')=(f*r8*e)|(n)=(v(y2,i5)''*o)|@d((p((0+d9(i(y4)+p)*f'+k*0)',u8+g5)')=w6(b3+h0')&?a((p'+v)+p(v(i3,0),v)+h2')=v(o9*r,z6''*e+y(y,p'+p3(u',v2))+0)->@c(!(x6)=(0)))&(w4)=(0'+l'*h3)
?i0(!(b(k7)*e0(v(s,e6))*0)=f1(l0))->(w8)=c1->(m)=r
((b'*0)*i+0'')=y
(a+o)=(z0*o5(r(0,b*d),a'*n+h)+o6(f1*(m4+c6)*b,c))
(@a8(!(i)=(0))&?e6(V(d4*u))->(g0+z+j4)=(c2''*s3))->@o7(!(p6)=m)
(0)=(l5')
(j2(l(m3,h6)+z)*d3+a1)=(0)
(0+i4)=d|X(s,s3)&E1(x2''')->!(f2)=r->(o*o')=(q+0)
(d(b))=((t9'*0)*z(p0)+m6*t4)&(h9)=(q*y)|S9
!?h1(f0(n,0))=(l2*h8+v6)->@o(z4*q(b))=h(b,z(v4*z''))|(q+e)=(0)
N(z1,p5)
(h(j*c(0+k4(y,h1)'+r,0),k0)+q5+f)=b
@q(C(q))&(k)=e8
!K8&(f'*r(k(t'+x)+r+u9)*m0)=z1(t)->(t)=(o0')->(0)=(d'+r)
@g(!!(h3'''*e')=(u8'+0))
?z7(u3)=(u*m9)
(m4(s3*v,0'*v+0*d1+b9)*k3+x1)=y2(z9,s0*g6*s5)
(c5*x*m)=b|(o5')=(j')
(u6*t)=(h9+d9*0*t*p1(p,u)*t)->(w(w8))=(0')
K4
O0(v8+y''+0*o9'+e9)
!(0+g)=(0)
(h4+i6)=(0+t3(t8)*k9)
?c(K8(m5,l7(m9(i+u(q6(z0(g7(z2,g8*s6+u2(y'*l7)),x)*v'+0+g2)''),l'),s6)+z))
@q(!(h)=j6)&((m2(c6(f4+x'),z5(j)'))=x|!!(v'')=(0)|(f5)=x)
(u+p)=v->!(x6)=(i*e5+y7*f+u)
K4&!(y*r7)=(x4+y9(t0,s7)+n)
!(f(0,j(z*s*h,0))+e0')=(z0'*l6'*m8+j(w(0*0')*h0))
(e(r2(n8(a+i,z(e3,e1(m,d8)*0''*0)))))=r
(a)=(h')
?l?a5?q6(J(g5*(0*z(n5)*c'+m5)))
(o+u)=l0(b7')&(o6(v2)')=l|(n)=(0)
!(p)=(t+a0)|(e')=k
Y(p+g,b)
(j+j3)=x
(p9)=r6(c*e,f6)&!(h0)=(0)->!(u(w,i)*s*f)=(n*v6)|(q2')=(u')|((u9(v5+l2)')=x1|(z)=(u8'+t4)|(c5)=x->I(s4)&(f8)=u7)
@k@n1(0)=(0+h3')&(W1(e8+e(c,i1)'',w(q0,x8))|(u5)=c(l0(l3+x8*p*d)',c5)&(y)=r(0*u)&(c3')=(g'))->@s7(t)=(o(n,s4)*l(r,(l8+h(j3(f)+s0,(j3*0)*p9))'+e)')&S
(m)=u1
@k3((d0+t2)=(0')->(b7*j')=(b')|(e)=j(m)|!!X(q1'*0))|((p*l'+r4)*n3)=g->?e1(j5(e(j4(j5,s3))'))=(b(k7)*h7(f2*v(n(0*t,e),n+0'),0*n1(z6))*s1)
(x)=z6(v(p2,n7*k)'*d1)&(o6)=b(h9*n)->((0*c5'+c)=(e+g')|(r8(i9))=(t0''))&@m0(!(g+j6)=r)
S(y9)
!L3
(c*v1+0)=u3&(t8)=j9&(i)=(u+n)->(m1)=(0)|(((0)=(0)->!(w)=(l9'))|(!(c(m,0')+0)=u8|(f2*o+s2)=(n+l)&(p)=w(s3+k1(0*t0(x5)'+u)+x(b,j5),0)))|(k(x7))=(y0+(c*y0)*(y+0))
(w)=(p5')&@a2(0)=(d0'*n(0,0+f6*l0(0'',s9+0)))
!(l5+v(q,h)*v)=s
(d1')=s
@q(V1)|(b2')=k0(t8*f6'+j0,d')&(i6(f7(x'),0))=(z*0*0)|(g)=(0)
(p+c)=(s4'*e')&(l8*t+d)=((r3(o1(a8(q9')+0,a8),m0+b0''+w7*((m2+d2(h((z*0*v)*y2)+q8,b8)*n)*x+z'*g6*c1))+y(i1+a)''+o)+o0+z)->X(u7*x)
L4
(0)=s0
(a)=j4
!(a2)=(l8*f*0)&?x6(m7(l))=k->T(r5)
?d1@i(n(0+y6'))=w
(e3)=(0)
(r)=(0)|(x+q)=(y*m+u)
?r1(j)=e0(h8)|!(f1')=(x*f)|!(B3(s'+r3)&(0*x+c9)=p&(i9)=(h0+j0+i7*b'))
(g0)=j9->H9
(j1*j)=(h*0')
(u1*b6)=(0')
?f5(v+k2'+c9')=q2
@t(k(k1)*m)=y(r8+a)
(0)=a(i3)
(v8)=k(s+n+c5*e6+n0*q(z(0''))+0,i(b')')
(n+0)=(q+b'+e8')&(n4+s0)=(j*f1(v))|!(w)=l7
(g9)=d6
?l2(0*a0)=(c')&(k1+d9)=y4|((p)=(l9')|@z5(e1+z8)=(0+s4+z3*t)|?z?y5(v(0,v))=z|?y8(g+a2)=(0)->Q8(z,u)->(i3)=(j0(0'*0,0)+w))|!!Q9(t*d3)
(v)=r&(w)=m->(i9'+x4)=b
A9(g*0+0,j)|(s2)=i
(w8)=(v+q(f7(0+u))+d(0+s6,d4))&(0)=(0+x8+0)&N
(x9(l9,r5)+o)=(z3*e)
(q2)=r4(a,k)
(c)=x->(a2+0)=(u')|!(t)=(c2')
I4
(q3)=(f(o(j5+t(w),k)+g7+a',0*z+o9)')&!(u(k(z8,f*i9(f2)),b6(r,d8)))=(a+0)|(i+0+s)=x|(d1*u3*n(q0(m*o'*(n(x)+x8(l)),j)))=(b2+q)&(o)=d2|?o(u(0+h0+v8,e5))=(f1*m(v*h+a+c+v5*j(0),r6))->?u(0*b)=d4
(0)=((y6(b1,0')+0)'+b)|!(j)=(m(k6,r*i)+z0(k7*k)'+f9(l0(0),t))
@z0(S3(d(d*0)))
(f8)=(0)->?t5(0)=(0)
(a(d3''))=(p9+n0)
(z)=c
!(s(v,j0'+h)+g7*t+v*j')=a
(i3)=b5|(t(x6))=j3(w2)|F5->!(d)=(z0(b2)+0)
@j5?q7(g)=((b(b9(0,p5))+r)+n)
(b+n6*b*e1'+s)=q|(c8+0)=(0)|(f0)=m
(v9)=(o+q6+d+e)->(0+k(u))=b->C(d3,r)->(f1*0+z(z2*f(y,d),0))=(0)
!(b)=(q')->(l1)=(w+e'+p9)
(l)=k(0,u6)->@p3(v+(u4+z(m0*h+t6,m+f(m,f9)))*t4')=a2->!(L(b)->(i9+f)=u)
(H1(d1,o+0)&(l3(k*p6*(t6+l*m4*h(b2',b(0,k0)+n'))+i5+b5(0,v9'*0+m4),z(c1+x))+0)=e->!(f5+i6')=a)->(h7(f,v)+c)=w
?w7(!(a(d'')'')=h)->?k3(a)=(y0+m')&?k0(g5*l)=(e')->?x5(!(0)=(0))
!!(q')=(t*0+n2)
(p2*0)=(m4*(f+m2))
?y2(f)=t6
(w3)=(0)&((p+0)=n4|!D9)
!(!@h(O0(n3',z(e,b(a*q3*q1+f0,q''))))->!(z6''')=v&(d1)=k7)
(f*c)=(g0+m4+g5*0)&(@i?g8(v7+d1*r3)=(h(v2,l9*l+r5)*0)->(v+0)=n(p2,z0'))
V
(v)=(0*e7*w8*l6')->(i*r)=c6
(s9*k+p)=s0
E7(o,0+t(g,c'))
!(((d5'*j)*g7'*t9+z8''+f)=p9&!(a2)=e8->?d(!(o7)=(u*r(k+r7(l2(r,j(0+n3)')))+f1''')))->(o*r)=z8
(0')=(s'*a6)
!(x6)=g|(p(0+c))=c2
!?a2(0*e)=(a(v8',p+a)*v'+(y5+s9)+e4(k8(b3(x',h)+(q+0)*w7*k,v)))
(u3)=((b9+g6)+0)
(e7)=(q2')
!!!(v(g8'))=(w2+h+u*l2(p))
((q7)=(0+g)|(f6)=s)&!@y(i)=y3|(a)=n3
(e)=d7
(d9)=q2->(e)=y3(w*j6,t1(b+0,c8+0+b(n8,u''))+i6)->(q'+d(f0,h(a8(0'')+y(s5+e5)*g))')=(d6')->(v9)=e3(x9)
(f(j,q6(s9(b2),j))'')=(l*t)&!!(e+s2(k2'+n(0,0')*t1(y))+i)=(r9(b+g2(r))*a9(n,z5))&(0+t4)=p7&(l)=(0)&!!(0+0')=(u4(c5)'*x7*q)->(q)=t4
(q5)=(m0+d)&(0)=(d5+b+0+v8+w8*j+y5)
@q6(!(d)=(0))
D5
(0'*m(l0))=(x6'')->(t)=(a'*i*0)
(t)=i
D9
(s')=(0)
(0)=y
(0)=l1|?q3(y*g)=p|!T(q9(b8)+0,k(k0)*i5(d1(s9,p)))->!@h2(g(h8))=e0->(s)=f&(f1(i2'',c)+k)=(o')
!(r7)=j5&(0*z')=(j')|@h(i)=d|(p7(0+g7*m))=o(0)&((o(q7(e6,v4(0*t,v*c))*n6,t7)*b)=(0)|((b+b2')+q3)=p&!(k(l)')=b0)|(0)=w
(b(r3,c5+e1*u0))=(0*(h+x6*q(p,w6))*p)
(0*l5+y4(0))=b
@s3(t*s3)=(e9(0'+p)*p3'*y)
(0''*r)=(i6+t+s(x9(b'),o3(e4,t*k4*s)*a(c2(d'))))
(z)=y0->(r+0''')=c
!(f6(i(0,d3)',v*o))=a4|((0+v)+k(b3,i*q)')=q->!L(x4,0)|(i6)=(w5+m2)
(o9)=((0+s(e',z9))')|!(!Z(a4*t9)&X(c1+d2)|(e'*0)=v(d1+t')|(i5)=(l9+b9+(q*t(0+j3(r9(u0*p),l)))'))
(x+n')=(l'+o4)|(?k7(y9(j1,e6)+g8)=(n*k(t3(0*f8)*a9))|(d)=h)
(o7+r)=u6&(x)=k0|(g1)=(z8')|?w@q0(x*h1)=(0)->(c4)=z->@w(0*z(d4'))=(z*s2(x4*d3)')->(s9+a6+m(u8*f))=b->?w(g6')=(v0+j3)&S6(z)
(d+m3*p7+k)=v9
(v)=(g(s)*u*w7)
(0)=y->(x1*n8(x))=((o9+z5(x6,d))*c9)
(z1+d)=((e*m(c1+x9,k)'*0'+q+k(d'*h,f*k''))')|@n9?a(f1+b)=q
(i)=(q+r0(y+a9(z0+g(z*r,w5*r*s0*0)+l',0+0'*v))*j6)
U(z)
(a)=(p''+b4+a)
(v')=o|(0)=(l3(f2*p8(k(e)*0))+0')
(d4)=j
(0)=(0')
(v6)=(j+d)
!I6(g,u)&@t6(u+w)=(0')
!(z4+f4(0+j2(w),n6'))=(f3+b7+s3(j2)')
!(z)=x(g*a,o0')
!(y9(a4,u))=(t7*n5)
(m+c6)=(0)
(a1*l7+a)=p->(s5(i'))=g2->!(t2)=h7
P
?j4(J&?z8(l3)=z4&(c4)=e)
?b9(k(i(0)',v0)')=t(p7(b4,k3+l7),z8)->H9(q,g)|(p)=g&(k3)=((z8+j(e5,j2+e)'+0)*t)
(v+l7*0)=(0)->(u')=(0)
Z7->(u)=o
?v(@y0(j1)=l&?r(V(l1))&(q1)=(e5'*v9'))|!((y)=(a3')&!(b4+m'*q')=(j4*f7+b1*w5*e'*o2+y2))
(y7')=q5&(h3)=a8
P(i8(c3+0,b6)*f,0)->(0+o+p4)=o|!((u7)=(x7'')|?y5(c)=v9)->(c9)=i1
!@j7(f9+e2)=j|R6->(a8)=(0)&(s*0+h2(s4+p))=(t*x2)
X(k1,0*g*(w+e1(k4)''+e(u7))*d0*w)
(q8)=i(p1)
!((!(o(u5'*d9*o2,z8))=(h(n+j)')->(t)=(e*p3(x,c8)+e1'))->(0)=(n'))
(m+m1)=a&(x(x7,0))=k6
!(e6*z8)=u(a*i+m6(n,a*r0)*x3,r8')->(c6*m)=d9(u(e+l,0))
(e6(y3+o6*e1(k2,o2*0*0))+u')=(l3(u'+v)+i(z,a6*t*g))&(d7(i'*0))=z8|((j8)=m0&D|(u5)=u4|(l5(j))=a1|(0)=p8)
(m)=(r+z0)&(t3(v1',p0))=(j+d(s3,n')*v1)&!(v1*u(p+a2+i0(p(p+e6*r6+n2(b4)*n3)+e3(j)'*b(z0((o+v)',s1(e2*i,j1(m0(b4(0,v9')+c3,z0))*w8)')+d4*n*e)*n0(z(0*n,x6)*n+p',o2*g3+e*0)*0,0),x)+0)=u
(e')=(r+0+h1')
@v7(q5(c1(u4*j5,u'))+m2(z(0')))=w->K(r0+f4,q(c(j4,g),0))
(e0(m9*y+r3(0,z5),j9(x+m))*b5)=r->(x)=(0)
(y2(u6(y6'),p7))=h
!(s)=h(l6,y8)->(g3(y))=(0+j4)&(p9+x1+n*l)=t0
(h3)=i7
H3(b*j*0,u)&(e''*o5*m0(x9(o',0)))=(d4*l(u6))
(0+g)=(h')
(0)=(0'*p*n')
?r(u+u8+d)=(0+e7)
B(j3)
(b3*e)=o9
(0)=(b(a7)*d''*h)->(0)=y
(j+s8*0)=(w0')&(n3)=u
(e)=(h+n6(0,0'+n5+w(q,g)+h))&(b+0)=(0)|((i+i2(t))*l)=i
(d3+c')=e2
?g4(e1)=u
(y*v'+m+x)=o4&!(s*c)=(q8')->(g'*n3)=a9&(0*p)=v->(p+0)=(b5+0)
(u')=q(w',i7(d,j+f)+z2)|?h(x4)=(s+i4+o1+n(j4(h(a,0),m0(x0',b1+p))))->(p)=(0)&(0)=p
(o8'+i)=(v8+p1'*q2)
A1(0''+x',c)
(i7)=i
!(0+s(e9*k4,w1))=((f+z8+l)')
(0)=(w')|!(u)=n8|@r3(V)
(0*v)=k1&(k(j+0*i*n)'*x4*n2)=c
(c)=(a4*d9)
!R(f3,o(v,e+u6)')
(v9)=f2|(c(e8(0+g'',u(r,o*o6*z0+x2)),0+k+u2)+x)=(g(t1*z',o2(h1+n))*0+d3(z))
T3(v3)|(0)=(0)
(y2')=(u+x7)
(j1*m)=q&(U2|(r6)=y)
(a)=(h6'*i9)&@b0?n?s7(M9|Y(0))->O(q*t,l)&(n+k')=(0)|P1(0)|@y5?i7?w3(a6)=i9&!U9(f9')
S4(0,j)|!!(e2)=y|@g(e*f1)=(v1'+(j3*0+x)*v+o8')&(n5)=n&@g(y2)=(y*e'*n+v')
(j3(w2(g4(e4+0'+0)),z))=q&(p)=(h'')|!(c)=d7
(b)=(s*q)|W7&A4(0+0,m)
(i8)=a->P(e(0'))|(a+d*z(h,i1))=(c*u)&?r9(m9)=x1&M1(l6(p3')*q6)->?b2(p*x)=(u8+0)|!(u)=(0)|P&((s'*q(0,w))=i2(y)&(r)=(0)&(x6)=t&(l)=(n9(0,0)*r7)&(!(j2)=(h(u,r9(n9)'')+0)->(0)=n8)&(g6)=(0)&@q4(!(0+p0'*n*o')=a&R9(b1,0)->H9(r0'*b4*q,c0)))
(q3)=u5->(p)=x6&(b)=(0')->(l*w)=j
(d')=o8(h4)
!Y3(s)->!(w)=l|?u0(V)|S1(z')
(v(y*l6(i0+0)*w+s8))=(z0+h0(e3,q8'))
(o5)=x6
(x*d7)=j
(n')=(0*s(e(b*d4*v5)*g2,g9))|T
!!(0)=z8
!(i1+j+s+w6)=x1|(0*p)=(x+a6)->(b5)=e
(0*k3')=a
?m@q1(r4(r4,q1)+s7+(l0+d)')=(o7')|X
(x1)=c
(p)=(0)->(e2)=(g5'+f)
(i5'+t6'')=o&(t+0)=(0)|(v(k))=g
(f4(p,0))=c
(x*u9)=b8
(q+n0)=(y3(0',u)+y5''*z+0)
?f0((b)=t|(b(t3,n4)*u6*0)=(x+d))&(z+e)=(y(w1)+u)
(h3)=n|(0)=b8(l'*u*w3*n2)
(k)=(w+z6)->@d(l*f6)=(g''*m4')->(z8(0+p3,0*c))=(j8(d6,r)*u0*y6)
@o9(r)=n1|(n(m))=((u*r)')
(p)=b(t')->(f7*n)=q
(e9)=(0)
!(n8)=(q6*v2')
(0+b9)=(f5*g)&(b4)=(b4*n6(i,g2)*a*j9)->(o4*t(n)*o7)=i5
!?d(j)=(d')|@u5(B2)
(l)=j|(x*i1)=(0*y9)->?a6(t5+d1(s0))=(0*0)->?x6(!(v2(q+n3',b7)+(w7+i)*z2)=a1(m*r9*h(f2)))
(l5)=w9(q7*c1,i*k)&I(q(e))
Z(f)&(g5(a3*k6))=(0)
!!(0)=(t*v(b,l+0+z7))|?d(d)=j9(u7,e+h6+v4)
(n5*c5(c7,s7(w+q8'+x0*e*f(0,a8*(0+c4)))))=x1
(c)=r7|!!Y
!(l9)=c9
X3(q4,y3')
?d9(y)=(h*w+t9)&@d(l')=t4
!!(0)=(o8*j4+w)->!(n)=y0
?n(i6+m2)=(0)&(d*z*m2+v6)=c2|M8(q(c+0,p2+k5),0)|@l5(g(s'',c4+0)*y)=(u0*y6+f6)
!@z8(N)
(f)=(k*n)&(!(p7)=t->J(v,f))
(0*e1)=(b8(a(u+x9+z)*0*f,k)+t(s2,0))->L6(e1*g6+0,t)
!(j7)=f7
!(t3)=(g(b6(l(0+0*g4+w4,m'*f))+c6(s8,0))')
(y)=(0+l(k1))
(r7)=(0')|((n+w4*0)+x)=m->(r8*n5)=(j*k*a+h1(d0(f+n5,u*b7)')+d8)
?q6(0*d2*e)=(k6')&!(z')=(0)
(0*s)=p|?q1(e8'+m0)=(v7+u9*h1)
!(0)=v&(j3)=(0*d)
Y
!(j9+h7)=(y*p)
(p)=(z'*k(l8(k(0''',0))*s9*p))
!((0')=(s5*b0(i+x,f6*o*q3))&N4(r3+l3(v+0*k(p3,r)))&!((c5)=a&(n)=(m9*x8'))->(l)=m&W)
?o(r(b(g)'*n+r3))=s&?w((k'*f9)=(g3*d*y6)->K(q+0))|?n5(f)=(t4')
?j(i)=(c6*n)&(q9+f9*q)=q3|(0)=(s'*x)
W6(0,m7)|?t(r(w7*b))=f
!(e*0*e1+s+h)=m
(i4)=c5|W(q+s*h4'+h3,q(p(k'*i2)))
?i1(d)=g(s(s,m(g5(q))),x5)
(b)=(0')
(0*j0)=e|(m)=(0)
(q(j0))=g
(a9)=(0)
(z)=(s8+0)
(p8(0,m1))=(0)
!(0'')=z2
V
T
(0)=g1
C
@w5(j)=(j8'')->(z1)=y(x4',i)&P&?a?x5@b(!(0)=a)
(s')=(0*v')
(r5*(w+s)+r)=j
@a2(q5)=l
!@f(r8)=l7|?l5(d7)=m3&(f1*0)=(0)
(r0)=(0')->(!(o8*0)=j9&(i3+i8)=x5->@i3(A1(d8+x*l0+h1(0,i4)+h)))&?z(p8)=j4
(v2)=p
(0')=w8
(s')=(k7'+b7*k3)&@q(b*f3)=k0->Y(c7+l,i6(z2,0*m(q0(g,0'*u0),x6+0))*h7*0'*k+l5(l1*k)')
(s4*a3)=x
(y(x3)*o)=(m')
?f6(v')=x&?x2(!(m*0)=g0)&(b0(j4*s'*g,t4))=p
Q8(f*i+w2(k))
(a)=(c0'*0*o5(p8+a*j+w8*0,b8'))
(y6)=(c8'*c)
F((l0+k9)''',n+f+k)->@y3(s7)=t->?w(f)=b8&L7
@t3(n0)=(m3+l)
(p*y(0'*h9+e8,u0))=(m*c)
